
# ========== clean session started at 2026-02-01 19:10:39 ==========
[2026-02-01 19:10:51] [clean] REMOVED /private/var/db/DiagnosticPipeline/DRSCKConfigModel.sqlite (24KB)
[2026-02-01 19:10:54] [clean] SKIPPED /Users/cnhyk/Library/Caches/CloudKit (whitelist)
[2026-02-01 19:10:54] [clean] SKIPPED /Users/cnhyk/Library/Caches/com.apple.nsservicescache.plist (protected)
[2026-02-01 19:10:54] [clean] SKIPPED /Users/cnhyk/Library/Caches/com.apple.parsecd (protected)
[2026-02-01 19:10:54] [clean] SKIPPED /Users/cnhyk/Library/Caches/com.apple.preferencepanes.usercache (protected)
[2026-02-01 19:10:54] [clean] SKIPPED /Users/cnhyk/Library/Caches/com.apple.systemsettings.menucache (protected)
[2026-02-01 19:10:54] [clean] REMOVED /Users/cnhyk/Library/Caches/conda
[2026-02-01 19:10:55] [clean] REMOVED /Users/cnhyk/Library/Caches/Homebrew (52.4MB)
[2026-02-01 19:10:55] [clean] REMOVED /Users/cnhyk/Library/Caches/FamilyCircle (4KB)
[2026-02-01 19:10:55] [clean] REMOVED /Users/cnhyk/Library/Caches/com.anhoder.musicfox-notifier-v3 (124KB)
[2026-02-01 19:10:58] [clean] SKIPPED /Users/cnhyk/Library/Caches/com.apple.photoanalysisd (protected)
[2026-02-01 19:10:58] [clean] SKIPPED /Users/cnhyk/Library/Caches/com.apple.akd (protected)
[2026-02-01 19:10:58] [clean] SKIPPED /Users/cnhyk/Library/Caches/com.apple.QuickLook.thumbnailcache (protected)
[2026-02-01 19:10:58] [clean] SKIPPED /Users/cnhyk/Library/Caches/com.apple.iconservices* (protected)
[2026-02-01 19:10:59] [clean] REMOVED /Users/cnhyk/Library/Suggestions/Metrics
[2026-02-01 19:10:59] [clean] REMOVED /Users/cnhyk/Library/Suggestions/journals
[2026-02-01 19:10:59] [clean] REMOVED /Users/cnhyk/Library/Suggestions/Harvesting (4KB)
[2026-02-01 19:10:59] [clean] REMOVED /Users/cnhyk/Library/Suggestions/entities.db (12KB)
[2026-02-01 19:10:59] [clean] REMOVED /Users/cnhyk/Library/Suggestions/snippets.db (12KB)
[2026-02-01 19:10:59] [clean] REMOVED /Users/cnhyk/Library/Suggestions/training.db (8KB)
[2026-02-01 19:10:59] [clean] REMOVED /Users/cnhyk/Library/Suggestions/entities.db-shm (32KB)
[2026-02-01 19:10:59] [clean] REMOVED /Users/cnhyk/Library/Suggestions/entities.db-wal (556KB)
[2026-02-01 19:10:59] [clean] REMOVED /Users/cnhyk/Library/Suggestions/snippets.db-shm (32KB)
[2026-02-01 19:10:59] [clean] REMOVED /Users/cnhyk/Library/Suggestions/snippets.db-wal (132KB)
[2026-02-01 19:10:59] [clean] REMOVED /Users/cnhyk/Library/Suggestions/training.db-shm (32KB)
[2026-02-01 19:10:59] [clean] REMOVED /Users/cnhyk/Library/Suggestions/training.db-wal (196KB)
[2026-02-01 19:10:59] [clean] REMOVED /Users/cnhyk/Library/Suggestions/mifeaturestore.db (52KB)
[2026-02-01 19:10:59] [clean] REMOVED /Users/cnhyk/Library/Suggestions/email-to-name.kvcache
[2026-02-01 19:10:59] [clean] REMOVED /Users/cnhyk/Library/Suggestions/phone-to-name.kvcache
[2026-02-01 19:10:59] [clean] REMOVED /Users/cnhyk/Library/Suggestions/privacyAwareLogging.ser (4KB)
[2026-02-01 19:10:59] [clean] REMOVED /Users/cnhyk/Library/Suggestions/chatLengthEstimator.cmsketch (16KB)
[2026-02-01 19:10:59] [clean] REMOVED /Users/cnhyk/Library/Suggestions/suggestions-device-day-group (4KB)
[2026-02-01 19:10:59] [clean] REMOVED /Users/cnhyk/Library/Suggestions/significant-pseudo-contacts.bf.bf2-head
[2026-02-01 19:10:59] [clean] REMOVED /Users/cnhyk/Library/Suggestions/significant-pseudo-contacts.bf.bf2-tail
[2026-02-01 19:10:59] [clean] SKIPPED /Users/cnhyk/Library/Preferences/com.apple.recentitems.plist (protected)
[2026-02-01 19:11:03] [clean] REMOVED /Users/cnhyk/Library/Application Support/Google/Chrome/Default/GPUCache/index (260KB)
[2026-02-01 19:11:03] [clean] REMOVED /Users/cnhyk/Library/Application Support/Google/Chrome/Default/GPUCache/data_0 (44KB)
[2026-02-01 19:11:03] [clean] REMOVED /Users/cnhyk/Library/Application Support/Google/Chrome/Default/GPUCache/data_1 (264KB)
[2026-02-01 19:11:03] [clean] REMOVED /Users/cnhyk/Library/Application Support/Google/Chrome/Default/GPUCache/data_2 (1.0MB)
[2026-02-01 19:11:03] [clean] REMOVED /Users/cnhyk/Library/Application Support/Google/Chrome/Default/GPUCache/data_3 (8KB)
[2026-02-01 19:11:03] [clean] REMOVED /Users/cnhyk/Library/Application Support/Google/Chrome/Profile 1/GPUCache/index (260KB)
[2026-02-01 19:11:03] [clean] REMOVED /Users/cnhyk/Library/Application Support/Google/Chrome/Profile 1/GPUCache/data_0 (8KB)
[2026-02-01 19:11:03] [clean] REMOVED /Users/cnhyk/Library/Application Support/Google/Chrome/Profile 1/GPUCache/data_1 (264KB)
[2026-02-01 19:11:03] [clean] REMOVED /Users/cnhyk/Library/Application Support/Google/Chrome/Profile 1/GPUCache/data_2 (8KB)
[2026-02-01 19:11:03] [clean] REMOVED /Users/cnhyk/Library/Application Support/Google/Chrome/Profile 1/GPUCache/data_3 (8KB)
[2026-02-01 19:11:03] [clean] SKIPPED /Users/cnhyk/Library/Caches/com.dropbox.* (protected)
[2026-02-01 19:11:03] [clean] SKIPPED /Users/cnhyk/Library/Caches/com.getdropbox.dropbox (protected)
[2026-02-01 19:11:03] [clean] SKIPPED /Users/cnhyk/Library/Caches/com.google.GoogleDrive (protected)
[2026-02-01 19:11:03] [clean] SKIPPED /Users/cnhyk/Library/Caches/com.box.desktop (protected)
[2026-02-01 19:11:03] [clean] SKIPPED /Users/cnhyk/Library/Caches/com.microsoft.OneDrive (protected)
[2026-02-01 19:11:03] [clean] SKIPPED /Users/cnhyk/Library/Caches/com.microsoft.Word (protected)
[2026-02-01 19:11:03] [clean] SKIPPED /Users/cnhyk/Library/Caches/com.microsoft.Excel (protected)
[2026-02-01 19:11:03] [clean] SKIPPED /Users/cnhyk/Library/Caches/com.microsoft.Powerpoint (protected)
[2026-02-01 19:11:03] [clean] SKIPPED /Users/cnhyk/Library/Caches/com.apple.iWork.* (protected)
[2026-02-01 19:11:12] [clean] REMOVED /Users/cnhyk/Library/Application Support/Code/logs/20260201T190707 (4KB)
[2026-02-01 19:11:12] [clean] SKIPPED /Users/cnhyk/Library/Caches/com.apple.Music (protected)
[2026-02-01 19:11:12] [clean] SKIPPED /Users/cnhyk/Library/Caches/com.apple.podcasts (protected)
[2026-02-01 19:11:12] [clean] SKIPPED /Users/cnhyk/Library/Containers/com.apple.podcasts/Data/tmp/StreamedMedia (protected)
[2026-02-01 19:11:12] [clean] SKIPPED /Users/cnhyk/Library/Containers/com.apple.podcasts/Data/tmp/*.heic (protected)
[2026-02-01 19:11:12] [clean] SKIPPED /Users/cnhyk/Library/Containers/com.apple.podcasts/Data/tmp/*.img (protected)
[2026-02-01 19:11:12] [clean] SKIPPED /Users/cnhyk/Library/Containers/com.apple.podcasts/Data/tmp/*CFNetworkDownload*.tmp (protected)
[2026-02-01 19:11:21] [clean] REMOVED /var/folders/66/5hts0nrx1kjc7sb3ky206xgm0000gn/T/tmp.irU0yS8CDm (20KB)
[2026-02-01 19:11:22] [clean] SKIPPED /Users/cnhyk/Library/Caches/com.apple.rosetta.update (protected)
[2026-02-01 19:11:22] [clean] SKIPPED /Users/cnhyk/Library/Caches/com.apple.amp.mediasevicesd (protected)
# ========== clean session ended at 2026-02-01 19:11:30, 37 items, 55.7MB ==========

# ========== purge session started at 2026-02-01 19:11:31 ==========
